###############################################################################
#
# IAR ELF Linker V8.40.1.212/W32 for ARM                  05/Jun/2021  21:19:46
# Copyright 2007-2019 IAR Systems AB.
#
#    Output file  =
#        D:\final richard\EWARM\Last_version Richard\Exe\Last_version
#        Richard.out
#    Map file     =
#        D:\final richard\EWARM\Last_version Richard\List\Last_version
#        Richard.map
#    Command line =
#        -f C:\Users\Dell\AppData\Local\Temp\EWE712.tmp ("D:\final
#        richard\EWARM\Last_version Richard\Obj\bsp_driver_sd.o" "D:\final
#        richard\EWARM\Last_version Richard\Obj\diskio.o" "D:\final
#        richard\EWARM\Last_version Richard\Obj\fatfs.o" "D:\final
#        richard\EWARM\Last_version Richard\Obj\fatfs_platform.o" "D:\final
#        richard\EWARM\Last_version Richard\Obj\ff.o" "D:\final
#        richard\EWARM\Last_version Richard\Obj\ff_gen_drv.o" "D:\final
#        richard\EWARM\Last_version Richard\Obj\file_handling.o" "D:\final
#        richard\EWARM\Last_version Richard\Obj\main.o" "D:\final
#        richard\EWARM\Last_version Richard\Obj\sd_diskio.o" "D:\final
#        richard\EWARM\Last_version Richard\Obj\startup_stm32l4s5xx.o"
#        "D:\final richard\EWARM\Last_version Richard\Obj\stm32l4xx_hal.o"
#        "D:\final richard\EWARM\Last_version
#        Richard\Obj\stm32l4xx_hal_cortex.o" "D:\final
#        richard\EWARM\Last_version Richard\Obj\stm32l4xx_hal_dma.o" "D:\final
#        richard\EWARM\Last_version Richard\Obj\stm32l4xx_hal_dma_ex.o"
#        "D:\final richard\EWARM\Last_version Richard\Obj\stm32l4xx_hal_exti.o"
#        "D:\final richard\EWARM\Last_version
#        Richard\Obj\stm32l4xx_hal_flash.o" "D:\final
#        richard\EWARM\Last_version Richard\Obj\stm32l4xx_hal_flash_ex.o"
#        "D:\final richard\EWARM\Last_version
#        Richard\Obj\stm32l4xx_hal_flash_ramfunc.o" "D:\final
#        richard\EWARM\Last_version Richard\Obj\stm32l4xx_hal_gpio.o" "D:\final
#        richard\EWARM\Last_version Richard\Obj\stm32l4xx_hal_i2c.o" "D:\final
#        richard\EWARM\Last_version Richard\Obj\stm32l4xx_hal_i2c_ex.o"
#        "D:\final richard\EWARM\Last_version Richard\Obj\stm32l4xx_hal_msp.o"
#        "D:\final richard\EWARM\Last_version Richard\Obj\stm32l4xx_hal_pwr.o"
#        "D:\final richard\EWARM\Last_version
#        Richard\Obj\stm32l4xx_hal_pwr_ex.o" "D:\final
#        richard\EWARM\Last_version Richard\Obj\stm32l4xx_hal_rcc.o" "D:\final
#        richard\EWARM\Last_version Richard\Obj\stm32l4xx_hal_rcc_ex.o"
#        "D:\final richard\EWARM\Last_version Richard\Obj\stm32l4xx_hal_sd.o"
#        "D:\final richard\EWARM\Last_version
#        Richard\Obj\stm32l4xx_hal_sd_ex.o" "D:\final
#        richard\EWARM\Last_version Richard\Obj\stm32l4xx_hal_tim.o" "D:\final
#        richard\EWARM\Last_version Richard\Obj\stm32l4xx_hal_tim_ex.o"
#        "D:\final richard\EWARM\Last_version Richard\Obj\stm32l4xx_hal_uart.o"
#        "D:\final richard\EWARM\Last_version
#        Richard\Obj\stm32l4xx_hal_uart_ex.o" "D:\final
#        richard\EWARM\Last_version Richard\Obj\stm32l4xx_it.o" "D:\final
#        richard\EWARM\Last_version Richard\Obj\stm32l4xx_ll_sdmmc.o" "D:\final
#        richard\EWARM\Last_version Richard\Obj\syscall.o" "D:\final
#        richard\EWARM\Last_version Richard\Obj\system_stm32l4xx.o" "D:\final
#        richard\EWARM\Last_version Richard\Obj\UartRingbuffer.o" "D:\final
#        richard\EWARM\Last_version Richard\Obj\usart.o" --no_out_extension -o
#        "D:\final richard\EWARM\Last_version Richard\Exe\Last_version
#        Richard.out" --redirect _Printf=_PrintfFullNoMb --redirect
#        _Scanf=_ScanfFullNoMb --map "D:\final richard\EWARM\Last_version
#        Richard\List\Last_version Richard.map" --config "D:\final
#        richard\EWARM/stm32l4s5xx_flash.icf" --semihosting --entry
#        __iar_program_start --vfe --text_out locale)
#
###############################################################################

*******************************************************************************
*** RUNTIME MODEL ATTRIBUTES
***

CppFlavor       = *
__SystemLibrary = DLib
__dlib_version  = 6


*******************************************************************************
*** HEAP SELECTION
***

The basic heap was selected because no calls to memory allocation
functions were found in the application outside of system library
functions, and there are calls to deallocation functions in the
application.


*******************************************************************************
*** PLACEMENT SUMMARY
***

"A0":  place at address 0x800'0000 { ro section .intvec };
"P1":  place in [from 0x800'0000 to 0x81f'ffff] { ro };
define block CSTACK with size = 1K, alignment = 8 { };
define block HEAP with size = 512, alignment = 8 { };
"P2":  place in [from 0x2000'0000 to 0x2009'ffff] {
          rw, block CSTACK, block HEAP };
initialize by copy { rw };

  Section            Kind         Address    Size  Object
  -------            ----         -------    ----  ------
"A0":                                       0x1bc
  .intvec            ro code   0x800'0000   0x1bc  startup_stm32l4s5xx.o [1]
                             - 0x800'01bc   0x1bc

"P1":                                      0x78b3
  .text              ro code   0x800'01bc  0x16fa  ff.o [1]
  .text              ro code   0x800'18b6    0x3a  zero_init3.o [4]
  .text              ro code   0x800'18f0    0x80  diskio.o [1]
  .text              ro code   0x800'1970    0x1c  fatfs.o [1]
  .text              ro code   0x800'198c    0x40  ff_gen_drv.o [1]
  .text              ro code   0x800'19cc   0xfc6  xprintffull_nomb.o [2]
  .text              ro code   0x800'2992     0xa  xsprout.o [2]
  .text              ro code   0x800'299c    0x16  strchr.o [4]
  .rodata            const     0x800'29b2     0x2  xlocale_c.o [2]
  .text              ro code   0x800'29b4    0x40  xfail_s.o [2]
  .text              ro code   0x800'29f4    0x14  strlen_small.o [4]
  .text              ro code   0x800'2a08    0x58  memchr.o [4]
  .text              ro code   0x800'2a60    0x18  ABImemcpy_small.o [4]
  .text              ro code   0x800'2a78    0x70  frexp.o [3]
  .text              ro code   0x800'2ae8    0x2e  DblCmpLe.o [3]
  .text              ro code   0x800'2b16     0x2  stm32l4xx_hal_sd.o [1]
  .text              ro code   0x800'2b18    0x2e  DblCmpGe.o [3]
  .text              ro code   0x800'2b46     0x2  stm32l4xx_hal_sd_ex.o [1]
  .text              ro code   0x800'2b48   0x13a  ldexp.o [3]
  .text              ro code   0x800'2c82     0x2  stm32l4xx_hal_sd_ex.o [1]
  .text              ro code   0x800'2c84    0x3a  DblToS32.o [3]
  .text              ro code   0x800'2cbe     0x2  stm32l4xx_hal_sd_ex.o [1]
  .text              ro code   0x800'2cc0    0x22  S32ToDbl.o [3]
  .text              ro code   0x800'2ce2     0x2  stm32l4xx_hal_sd_ex.o [1]
  .text              ro code   0x800'2ce4    0xe2  DblSub.o [3]
  .rodata            const     0x800'2dc6     0x1  xlocale_c.o [2]
  .text              ro code   0x800'2dc8   0x246  DblDiv.o [3]
  .text              ro code   0x800'3010    0x28  DblToU32.o [3]
  .text              ro code   0x800'3038    0x1a  U32ToDbl.o [3]
  .text              ro code   0x800'3054   0x1a2  DblMul.o [3]
  .text              ro code   0x800'31f8     0x8  xlocale_c.o [2]
  .text              ro code   0x800'3200   0x106  I64DivMod_small.o [4]
  .text              ro code   0x800'3306     0x6  abort.o [2]
  .text              ro code   0x800'330c   0x16a  DblAdd.o [3]
  .text              ro code   0x800'3478     0x2  I64DivZer.o [4]
  .text              ro code   0x800'347c    0x14  exit.o [5]
  .text              ro code   0x800'3490   0xd8c  stm32l4xx_hal_sd.o [1]
  .text              ro code   0x800'421c     0xc  stm32l4xx_hal.o [1]
  .text              ro code   0x800'4228   0xaa8  stm32l4xx_hal_rcc_ex.o [1]
  .text              ro code   0x800'4cd0   0x5c8  stm32l4xx_ll_sdmmc.o [1]
  .text              ro code   0x800'5298    0x28  stm32l4xx_hal.o [1]
  .text              ro code   0x800'52c0    0x14  memset.o [4]
  .text              ro code   0x800'52d4   0x7d4  stm32l4xx_hal_rcc.o [1]
  .text              ro code   0x800'5aa8    0x66  ABImemset.o [4]
  .text              ro code   0x800'5b10    0x44  stm32l4xx_hal.o [1]
  .text              ro code   0x800'5b54    0xc8  stm32l4xx_hal_pwr_ex.o [1]
  .text              ro code   0x800'5c1c    0xc8  stm32l4xx_hal_cortex.o [1]
  .text              ro code   0x800'5ce4   0x688  file_handling.o [1]
  .text              ro code   0x800'636c     0x6  ABImemclr4.o [4]
  .text              ro code   0x800'6374   0x1e8  UartRingbuffer.o [1]
  .text              ro code   0x800'655c    0x40  sprintf.o [2]
  .text              ro code   0x800'659c    0x12  strcmp.o [4]
  .text              ro code   0x800'65b0    0x32  ABImemset48.o [4]
  .text              ro code   0x800'65e4   0x500  stm32l4xx_hal_uart.o [1]
  .text              ro code   0x800'6ae4   0x178  stm32l4xx_hal_msp.o [1]
  .text              ro code   0x800'6c5c   0x1e0  stm32l4xx_hal_gpio.o [1]
  .text              ro code   0x800'6e3c   0x2d4  main.o [1]
  .text              ro code   0x800'7110    0x1e  stm32l4xx_hal.o [1]
  .text              ro code   0x800'7130    0x68  usart.o [1]
  .text              ro code   0x800'7198    0x28  strncmp.o [2]
  .text              ro code   0x800'71c0    0xf8  stm32l4xx_hal_uart_ex.o [1]
  .rodata            const     0x800'72b8   0x158  file_handling.o [1]
  .text              ro code   0x800'7410    0xbc  sd_diskio.o [1]
  .text              ro code   0x800'74cc    0x18  bsp_driver_sd.o [1]
  .text              ro code   0x800'74e4    0x30  bsp_driver_sd.o [1]
  .text              ro code   0x800'7514    0x20  bsp_driver_sd.o [1]
  .text              ro code   0x800'7534    0x20  bsp_driver_sd.o [1]
  .text              ro code   0x800'7554     0xc  bsp_driver_sd.o [1]
  .text              ro code   0x800'7560    0x18  bsp_driver_sd.o [1]
  .text              ro code   0x800'7578    0x18  fatfs_platform.o [1]
  .rodata            const     0x800'7590    0x80  ff.o [1]
  .rodata            const     0x800'7610    0x54  file_handling.o [1]
  .text              ro code   0x800'7664    0x50  system_stm32l4xx.o [1]
  .rodata            const     0x800'76b4    0x48  file_handling.o [1]
  .text              ro code   0x800'76fc    0x38  packbits_init_single.o [4]
  .rodata            const     0x800'7734    0x30  system_stm32l4xx.o [1]
  .text              ro code   0x800'7764    0x28  data_init.o [4]
  .rodata            const     0x800'778c    0x24  file_handling.o [1]
  .rodata            const     0x800'77b0    0x24  file_handling.o [1]
  .text              ro code   0x800'77d4    0x22  fpinit_M.o [3]
  .iar.init_table    const     0x800'77f8    0x20  - Linker created -
  .text              ro code   0x800'7818    0x20  stm32l4xx_it.o [1]
  .text              ro code   0x800'7838    0x10  stm32l4xx_hal.o [1]
  .text              ro code   0x800'7848    0x1e  cmain.o [4]
  .text              ro code   0x800'7866     0x4  low_level_init.o [2]
  .text              ro code   0x800'786a     0x4  exit.o [2]
  .text              ro code   0x800'7870     0xa  cexit.o [4]
  .rodata            const     0x800'787c    0x14  sd_diskio.o [1]
  .text              ro code   0x800'7890    0x10  startup_stm32l4s5xx.o [1]
  .text              ro code   0x800'78a0     0xe  bsp_driver_sd.o [1]
  .text              ro code   0x800'78ae     0x2  bsp_driver_sd.o [1]
  .text              ro code   0x800'78b0     0x2  bsp_driver_sd.o [1]
  .text              ro code   0x800'78b2     0xc  cstartup_M.o [4]
  .rodata            const     0x800'78c0     0x8  system_stm32l4xx.o [1]
  .rodata            const     0x800'78c8     0x8  xprintffull_nomb.o [2]
  .text              ro code   0x800'78d0     0x4  startup_stm32l4s5xx.o [1]
  .text              ro code   0x800'78d4     0x4  startup_stm32l4s5xx.o [1]
  .text              ro code   0x800'78d8     0x4  startup_stm32l4s5xx.o [1]
  .text              ro code   0x800'78dc     0x4  startup_stm32l4s5xx.o [1]
  .text              ro code   0x800'78e0     0x4  startup_stm32l4s5xx.o [1]
  .text              ro code   0x800'78e4     0x4  startup_stm32l4s5xx.o [1]
  .text              ro code   0x800'78e8     0x4  startup_stm32l4s5xx.o [1]
  .text              ro code   0x800'78ec     0x4  startup_stm32l4s5xx.o [1]
  .text              ro code   0x800'78f0     0x4  startup_stm32l4s5xx.o [1]
  .text              ro code   0x800'78f4     0x4  startup_stm32l4s5xx.o [1]
  .text              ro code   0x800'78f8     0x4  startup_stm32l4s5xx.o [1]
  .text              ro code   0x800'78fc     0x4  startup_stm32l4s5xx.o [1]
  .text              ro code   0x800'7900     0x4  startup_stm32l4s5xx.o [1]
  .text              ro code   0x800'7904     0x4  startup_stm32l4s5xx.o [1]
  .text              ro code   0x800'7908     0x4  startup_stm32l4s5xx.o [1]
  .text              ro code   0x800'790c     0x4  startup_stm32l4s5xx.o [1]
  .text              ro code   0x800'7910     0x4  startup_stm32l4s5xx.o [1]
  .text              ro code   0x800'7914     0x4  startup_stm32l4s5xx.o [1]
  .text              ro code   0x800'7918     0x4  startup_stm32l4s5xx.o [1]
  .text              ro code   0x800'791c     0x4  startup_stm32l4s5xx.o [1]
  .text              ro code   0x800'7920     0x4  startup_stm32l4s5xx.o [1]
  .text              ro code   0x800'7924     0x4  startup_stm32l4s5xx.o [1]
  .text              ro code   0x800'7928     0x4  startup_stm32l4s5xx.o [1]
  .text              ro code   0x800'792c     0x4  startup_stm32l4s5xx.o [1]
  .text              ro code   0x800'7930     0x4  startup_stm32l4s5xx.o [1]
  .text              ro code   0x800'7934     0x4  startup_stm32l4s5xx.o [1]
  .text              ro code   0x800'7938     0x4  startup_stm32l4s5xx.o [1]
  .text              ro code   0x800'793c     0x4  startup_stm32l4s5xx.o [1]
  .text              ro code   0x800'7940     0x4  startup_stm32l4s5xx.o [1]
  .text              ro code   0x800'7944     0x4  startup_stm32l4s5xx.o [1]
  .text              ro code   0x800'7948     0x4  startup_stm32l4s5xx.o [1]
  .text              ro code   0x800'794c     0x4  startup_stm32l4s5xx.o [1]
  .text              ro code   0x800'7950     0x4  startup_stm32l4s5xx.o [1]
  .text              ro code   0x800'7954     0x4  startup_stm32l4s5xx.o [1]
  .text              ro code   0x800'7958     0x4  startup_stm32l4s5xx.o [1]
  .text              ro code   0x800'795c     0x4  startup_stm32l4s5xx.o [1]
  .text              ro code   0x800'7960     0x4  startup_stm32l4s5xx.o [1]
  .text              ro code   0x800'7964     0x4  startup_stm32l4s5xx.o [1]
  .text              ro code   0x800'7968     0x4  startup_stm32l4s5xx.o [1]
  .text              ro code   0x800'796c     0x4  startup_stm32l4s5xx.o [1]
  .text              ro code   0x800'7970     0x4  startup_stm32l4s5xx.o [1]
  .text              ro code   0x800'7974     0x4  startup_stm32l4s5xx.o [1]
  .text              ro code   0x800'7978     0x4  startup_stm32l4s5xx.o [1]
  .text              ro code   0x800'797c     0x4  startup_stm32l4s5xx.o [1]
  .text              ro code   0x800'7980     0x4  startup_stm32l4s5xx.o [1]
  .text              ro code   0x800'7984     0x4  startup_stm32l4s5xx.o [1]
  .text              ro code   0x800'7988     0x4  startup_stm32l4s5xx.o [1]
  .text              ro code   0x800'798c     0x4  startup_stm32l4s5xx.o [1]
  .text              ro code   0x800'7990     0x4  startup_stm32l4s5xx.o [1]
  .text              ro code   0x800'7994     0x4  startup_stm32l4s5xx.o [1]
  .text              ro code   0x800'7998     0x4  startup_stm32l4s5xx.o [1]
  .text              ro code   0x800'799c     0x4  startup_stm32l4s5xx.o [1]
  .text              ro code   0x800'79a0     0x4  startup_stm32l4s5xx.o [1]
  .text              ro code   0x800'79a4     0x4  startup_stm32l4s5xx.o [1]
  .text              ro code   0x800'79a8     0x4  startup_stm32l4s5xx.o [1]
  .text              ro code   0x800'79ac     0x4  startup_stm32l4s5xx.o [1]
  .text              ro code   0x800'79b0     0x4  startup_stm32l4s5xx.o [1]
  .text              ro code   0x800'79b4     0x4  startup_stm32l4s5xx.o [1]
  .text              ro code   0x800'79b8     0x4  startup_stm32l4s5xx.o [1]
  .text              ro code   0x800'79bc     0x4  startup_stm32l4s5xx.o [1]
  .text              ro code   0x800'79c0     0x4  startup_stm32l4s5xx.o [1]
  .text              ro code   0x800'79c4     0x4  startup_stm32l4s5xx.o [1]
  .text              ro code   0x800'79c8     0x4  startup_stm32l4s5xx.o [1]
  .text              ro code   0x800'79cc     0x4  startup_stm32l4s5xx.o [1]
  .text              ro code   0x800'79d0     0x4  startup_stm32l4s5xx.o [1]
  .text              ro code   0x800'79d4     0x4  startup_stm32l4s5xx.o [1]
  .text              ro code   0x800'79d8     0x4  startup_stm32l4s5xx.o [1]
  .text              ro code   0x800'79dc     0x4  startup_stm32l4s5xx.o [1]
  .text              ro code   0x800'79e0     0x4  startup_stm32l4s5xx.o [1]
  .text              ro code   0x800'79e4     0x4  startup_stm32l4s5xx.o [1]
  .text              ro code   0x800'79e8     0x4  startup_stm32l4s5xx.o [1]
  .text              ro code   0x800'79ec     0x4  startup_stm32l4s5xx.o [1]
  .text              ro code   0x800'79f0     0x4  startup_stm32l4s5xx.o [1]
  .text              ro code   0x800'79f4     0x4  startup_stm32l4s5xx.o [1]
  .text              ro code   0x800'79f8     0x4  startup_stm32l4s5xx.o [1]
  .text              ro code   0x800'79fc     0x4  startup_stm32l4s5xx.o [1]
  .text              ro code   0x800'7a00     0x4  startup_stm32l4s5xx.o [1]
  .text              ro code   0x800'7a04     0x4  startup_stm32l4s5xx.o [1]
  .text              ro code   0x800'7a08     0x4  startup_stm32l4s5xx.o [1]
  .text              ro code   0x800'7a0c     0x4  startup_stm32l4s5xx.o [1]
  .text              ro code   0x800'7a10     0x4  startup_stm32l4s5xx.o [1]
  .text              ro code   0x800'7a14     0x4  startup_stm32l4s5xx.o [1]
  .text              ro code   0x800'7a18     0x4  startup_stm32l4s5xx.o [1]
  .text              ro code   0x800'7a1c     0x4  startup_stm32l4s5xx.o [1]
  .text              ro code   0x800'7a20     0x4  startup_stm32l4s5xx.o [1]
  .text              ro code   0x800'7a24     0x4  startup_stm32l4s5xx.o [1]
  .text              ro code   0x800'7a28     0x4  startup_stm32l4s5xx.o [1]
  .text              ro code   0x800'7a2c     0x4  startup_stm32l4s5xx.o [1]
  .text              ro code   0x800'7a30     0x2  stm32l4xx_hal_sd_ex.o [1]
  .rodata            const     0x800'7a32     0x0  zero_init3.o [4]
  .rodata            const     0x800'7a32     0x0  packbits_init_single.o [4]
  Initializer bytes  const     0x800'7a32    0x3d  <for P2-1>
                             - 0x800'7a6f  0x78b3

"P2", part 1 of 3:                           0x49
  P2-1                        0x2000'0000    0x49  <Init block>
    .data            inited   0x2000'0000     0xc  stm32l4xx_hal.o [1]
    .data            inited   0x2000'000c     0x4  system_stm32l4xx.o [1]
    .data            inited   0x2000'0010    0x38  xlocale_c.o [2]
    .data            inited   0x2000'0048     0x1  sd_diskio.o [1]
                            - 0x2000'0049    0x49

"P2", part 2 of 3:                          0xad0
  .bss               zero     0x2000'004c   0x2d4  file_handling.o [1]
  .bss               zero     0x2000'0320   0x230  file_handling.o [1]
  .bss               zero     0x2000'0550   0x214  UartRingbuffer.o [1]
  .bss               zero     0x2000'0764   0x208  UartRingbuffer.o [1]
  .bss               zero     0x2000'096c    0xb0  main.o [1]
  .bss               zero     0x2000'0a1c    0x90  usart.o [1]
  .bss               zero     0x2000'0aac    0x20  ff.o [1]
  .bss               zero     0x2000'0acc    0x20  file_handling.o [1]
  .bss               zero     0x2000'0aec    0x10  file_handling.o [1]
  .bss               zero     0x2000'0afc     0xc  ff_gen_drv.o [1]
  .bss               zero     0x2000'0b08     0x8  fatfs.o [1]
  .bss               zero     0x2000'0b10     0x8  ff.o [1]
  .bss               zero     0x2000'0b18     0x4  xfail_s.o [2]
                            - 0x2000'0b1c   0xad0

"P2", part 3 of 3:                          0x400
  CSTACK                      0x2000'0b20   0x400  <Block>
    CSTACK           uninit   0x2000'0b20   0x400  <Block tail>
                            - 0x2000'0f20   0x400

Unused ranges:

         From           To       Size
         ----           --       ----
   0x800'7a6f   0x81f'ffff  0x1f'8591
  0x2000'0049  0x2000'004b        0x3
  0x2000'0b1c  0x2000'0b1f        0x4
  0x2000'0f20  0x2009'ffff   0x9'f0e0


*******************************************************************************
*** INIT TABLE
***

          Address      Size
          -------      ----
Zero (__iar_zero_init3)
    1 destination range, total size 0xad0:
          0x2000'004c  0xad0

Copy/packbits (__iar_packbits_init_single3)
    1 source range, total size 0x3d (83% of destination):
           0x800'7a32   0x3d
    1 destination range, total size 0x49:
          0x2000'0000   0x49



*******************************************************************************
*** MODULE SUMMARY
***

    Module                   ro code  ro data  rw data
    ------                   -------  -------  -------
command line/config:
    --------------------------------------------------
    Total:

D:\final richard\EWARM\Last_version Richard\Obj: [1]
    UartRingbuffer.o             488             1'052
    bsp_driver_sd.o              190
    diskio.o                     128
    fatfs.o                       28                 8
    fatfs_platform.o              24
    ff.o                       5'882      128       40
    ff_gen_drv.o                  64                12
    file_handling.o            1'672      572    1'332
    main.o                       724               176
    sd_diskio.o                  188       21        1
    startup_stm32l4s5xx.o        812
    stm32l4xx_hal.o              166       10       12
    stm32l4xx_hal_cortex.o       200
    stm32l4xx_hal_gpio.o         480
    stm32l4xx_hal_msp.o          376
    stm32l4xx_hal_pwr_ex.o       200
    stm32l4xx_hal_rcc.o        2'004
    stm32l4xx_hal_rcc_ex.o     2'728
    stm32l4xx_hal_sd.o         3'470
    stm32l4xx_hal_sd_ex.o         10
    stm32l4xx_hal_uart.o       1'280
    stm32l4xx_hal_uart_ex.o      248
    stm32l4xx_it.o                32
    stm32l4xx_ll_sdmmc.o       1'480
    system_stm32l4xx.o            80       59        4
    usart.o                      104               144
    --------------------------------------------------
    Total:                    23'058      790    2'781

dl7M_tlf.a: [2]
    abort.o                        6
    exit.o                         4
    low_level_init.o               4
    sprintf.o                     64
    strncmp.o                     40
    xfail_s.o                     64                 4
    xlocale_c.o                    8       50       56
    xprintffull_nomb.o         4'038        8
    xsprout.o                     10
    --------------------------------------------------
    Total:                     4'238       58       60

m7M_tls.a: [3]
    DblAdd.o                     362
    DblCmpGe.o                    46
    DblCmpLe.o                    46
    DblDiv.o                     582
    DblMul.o                     418
    DblSub.o                     226
    DblToS32.o                    58
    DblToU32.o                    40
    S32ToDbl.o                    34
    U32ToDbl.o                    26
    fpinit_M.o                    34
    frexp.o                      112
    ldexp.o                      314
    --------------------------------------------------
    Total:                     2'298

rt7M_tl.a: [4]
    ABImemclr4.o                   6
    ABImemcpy_small.o             24
    ABImemset.o                  102
    ABImemset48.o                 50
    I64DivMod_small.o            262
    I64DivZer.o                    2
    cexit.o                       10
    cmain.o                       30
    cstartup_M.o                  12
    data_init.o                   40
    memchr.o                      88
    memset.o                      20
    packbits_init_single.o        56
    strchr.o                      22
    strcmp.o                      18
    strlen_small.o                20
    zero_init3.o                  58
    --------------------------------------------------
    Total:                       820

shb_l.a: [5]
    exit.o                        20
    --------------------------------------------------
    Total:                        20

    Gaps                          23        6
    Linker created                         32    1'024
------------------------------------------------------
    Grand Total:              30'457      886    3'865


*******************************************************************************
*** ENTRY LIST
***

Entry                       Address   Size  Type      Object
-----                       -------   ----  ----      ------
.iar.init_table$$Base    0x800'77f8          --   Gb  - Linker created -
.iar.init_table$$Limit   0x800'7818          --   Gb  - Linker created -
?main                    0x800'7849         Code  Gb  cmain.o [4]
AHBPrescTable            0x800'76a4   0x10  Data  Gb  system_stm32l4xx.o [1]
APBPrescTable            0x800'78c0    0x8  Data  Gb  system_stm32l4xx.o [1]
BSP_PlatformIsDetected   0x800'7579   0x18  Code  Gb  fatfs_platform.o [1]
BSP_SD_GetCardInfo       0x800'7555    0xc  Code  Wk  bsp_driver_sd.o [1]
BSP_SD_GetCardState      0x800'74cd   0x18  Code  Wk  bsp_driver_sd.o [1]
BSP_SD_Init              0x800'74e5   0x30  Code  Wk  bsp_driver_sd.o [1]
BSP_SD_ReadBlocks        0x800'7515   0x20  Code  Wk  bsp_driver_sd.o [1]
BSP_SD_WriteBlocks       0x800'7535   0x20  Code  Wk  bsp_driver_sd.o [1]
BusFault_Handler         0x800'781f    0x2  Code  Gb  stm32l4xx_it.o [1]
CSTACK$$Base            0x2000'0b20          --   Gb  - Linker created -
CSTACK$$Limit           0x2000'0f20          --   Gb  - Linker created -
DebugMon_Handler         0x800'7825    0x2  Code  Gb  stm32l4xx_it.o [1]
Error_Handler            0x800'70d1    0x4  Code  Gb  main.o [1]
ExCvt                    0x800'7590   0x80  Data  Lc  ff.o [1]
FATFS_LinkDriver         0x800'19c5    0x4  Code  Gb  ff_gen_drv.o [1]
FATFS_LinkDriverEx       0x800'198d   0x38  Code  Gb  ff_gen_drv.o [1]
FatFs                   0x2000'0b14    0x4  Data  Lc  ff.o [1]
Files                   0x2000'0aac   0x20  Data  Lc  ff.o [1]
Fsid                    0x2000'0b10    0x2  Data  Lc  ff.o [1]
Get_string               0x800'6447   0x4a  Code  Gb  UartRingbuffer.o [1]
HAL_Delay                0x800'5299   0x28  Code  Wk  stm32l4xx_hal.o [1]
HAL_GPIO_Init            0x800'6c5d  0x1aa  Code  Gb  stm32l4xx_hal_gpio.o [1]
HAL_GPIO_ReadPin         0x800'6e07    0xc  Code  Gb  stm32l4xx_hal_gpio.o [1]
HAL_GetTick              0x800'421d    0xc  Code  Wk  stm32l4xx_hal.o [1]
HAL_IncTick              0x800'7839   0x10  Code  Wk  stm32l4xx_hal.o [1]
HAL_Init                 0x800'7111   0x1e  Code  Gb  stm32l4xx_hal.o [1]
HAL_InitTick             0x800'5b11   0x44  Code  Wk  stm32l4xx_hal.o [1]
HAL_MspInit              0x800'6ae5   0x2c  Code  Gb  stm32l4xx_hal_msp.o [1]
HAL_NVIC_EnableIRQ       0x800'5c8d   0x16  Code  Gb  stm32l4xx_hal_cortex.o [1]
HAL_NVIC_SetPriority     0x800'5c51   0x3a  Code  Gb  stm32l4xx_hal_cortex.o [1]
HAL_NVIC_SetPriorityGrouping
                         0x800'5c37   0x1a  Code  Gb  stm32l4xx_hal_cortex.o [1]
HAL_PWREx_ControlVoltageScaling
                         0x800'5b7f   0x52  Code  Gb  stm32l4xx_hal_pwr_ex.o [1]
HAL_PWREx_GetVoltageRange
                         0x800'5b55   0x2a  Code  Gb  stm32l4xx_hal_pwr_ex.o [1]
HAL_RCCEx_GetPeriphCLKFreq
                         0x800'45c5  0x40c  Code  Gb  stm32l4xx_hal_rcc_ex.o [1]
HAL_RCCEx_PeriphCLKConfig
                         0x800'4229  0x37e  Code  Gb  stm32l4xx_hal_rcc_ex.o [1]
HAL_RCC_ClockConfig      0x800'577f  0x190  Code  Gb  stm32l4xx_hal_rcc.o [1]
HAL_RCC_GetPCLK1Freq     0x800'59cb   0x10  Code  Gb  stm32l4xx_hal_rcc.o [1]
HAL_RCC_GetPCLK2Freq     0x800'59db    0xe  Code  Gb  stm32l4xx_hal_rcc.o [1]
HAL_RCC_GetSysClockFreq
                         0x800'5939   0x92  Code  Gb  stm32l4xx_hal_rcc.o [1]
HAL_RCC_OscConfig        0x800'52d5  0x47e  Code  Gb  stm32l4xx_hal_rcc.o [1]
HAL_SDEx_DriveTransceiver_1_8V_Callback
                         0x800'7a31    0x2  Code  Wk  stm32l4xx_hal_sd_ex.o [1]
HAL_SDEx_Read_DMADoubleBuffer0CpltCallback
                         0x800'2b47    0x2  Code  Wk  stm32l4xx_hal_sd_ex.o [1]
HAL_SDEx_Read_DMADoubleBuffer1CpltCallback
                         0x800'2c83    0x2  Code  Wk  stm32l4xx_hal_sd_ex.o [1]
HAL_SDEx_Write_DMADoubleBuffer0CpltCallback
                         0x800'2cbf    0x2  Code  Wk  stm32l4xx_hal_sd_ex.o [1]
HAL_SDEx_Write_DMADoubleBuffer1CpltCallback
                         0x800'2ce3    0x2  Code  Wk  stm32l4xx_hal_sd_ex.o [1]
HAL_SD_AbortCallback     0x800'78a1    0x4  Code  Gb  bsp_driver_sd.o [1]
HAL_SD_ConfigWideBusOperation
                         0x800'3f1f  0x188  Code  Gb  stm32l4xx_hal_sd.o [1]
HAL_SD_GetCardCSD        0x800'3b91  0x1c8  Code  Gb  stm32l4xx_hal_sd.o [1]
HAL_SD_GetCardInfo       0x800'3efb   0x24  Code  Gb  stm32l4xx_hal_sd.o [1]
HAL_SD_GetCardState      0x800'40b9   0x28  Code  Gb  stm32l4xx_hal_sd.o [1]
HAL_SD_GetCardStatus     0x800'3d59  0x192  Code  Gb  stm32l4xx_hal_sd.o [1]
HAL_SD_Init              0x800'3491   0xe4  Code  Gb  stm32l4xx_hal_sd.o [1]
HAL_SD_InitCard          0x800'3575  0x284  Code  Gb  stm32l4xx_hal_sd.o [1]
HAL_SD_MspInit           0x800'6b11   0xbe  Code  Gb  stm32l4xx_hal_msp.o [1]
HAL_SD_ReadBlocks        0x800'3801  0x16c  Code  Gb  stm32l4xx_hal_sd.o [1]
HAL_SD_RxCpltCallback    0x800'78a9    0x4  Code  Gb  bsp_driver_sd.o [1]
HAL_SD_TxCpltCallback    0x800'78a5    0x4  Code  Gb  bsp_driver_sd.o [1]
HAL_SD_WriteBlocks       0x800'396d  0x176  Code  Gb  stm32l4xx_hal_sd.o [1]
HAL_SYSTICK_Config       0x800'5ca3   0x28  Code  Gb  stm32l4xx_hal_cortex.o [1]
HAL_UARTEx_DisableFifoMode
                         0x800'71c1   0x3c  Code  Gb  stm32l4xx_hal_uart_ex.o [1]
HAL_UARTEx_SetRxFifoThreshold
                         0x800'7213   0x14  Code  Gb  stm32l4xx_hal_uart_ex.o [1]
HAL_UARTEx_SetTxFifoThreshold
                         0x800'71fd   0x16  Code  Gb  stm32l4xx_hal_uart_ex.o [1]
HAL_UART_Init            0x800'65e5   0x30  Code  Gb  stm32l4xx_hal_uart.o [1]
HAL_UART_MspInit         0x800'6bcf   0x70  Code  Gb  stm32l4xx_hal_msp.o [1]
HardFault_Handler        0x800'781b    0x2  Code  Gb  stm32l4xx_it.o [1]
IsDataAvailable          0x800'640f   0x22  Code  Gb  UartRingbuffer.o [1]
MSIRangeTable            0x800'7734   0x30  Data  Gb  system_stm32l4xx.o [1]
MX_FATFS_Init            0x800'1971   0x10  Code  Gb  fatfs.o [1]
MX_UART4_Init            0x800'7131   0x68  Code  Gb  usart.o [1]
MemManage_Handler        0x800'781d    0x2  Code  Gb  stm32l4xx_it.o [1]
NMI_Handler              0x800'7819    0x2  Code  Gb  stm32l4xx_it.o [1]
PendSV_Handler           0x800'7827    0x2  Code  Gb  stm32l4xx_it.o [1]
RCCEx_GetSAIxPeriphCLKFreq
                         0x800'4bc5   0xd4  Code  Lc  stm32l4xx_hal_rcc_ex.o [1]
RCCEx_PLLSAI1_Config     0x800'49fd   0xb0  Code  Lc  stm32l4xx_hal_rcc_ex.o [1]
RCCEx_PLLSAI2_Config     0x800'4aad   0xae  Code  Lc  stm32l4xx_hal_rcc_ex.o [1]
RCC_SetFlashLatencyFromMSIRange
                         0x800'59f3   0x6e  Code  Lc  stm32l4xx_hal_rcc.o [1]
Region$$Table$$Base      0x800'77f8          --   Gb  - Linker created -
Region$$Table$$Limit     0x800'7818          --   Gb  - Linker created -
Ringbuf_init             0x800'6375   0x22  Code  Gb  UartRingbuffer.o [1]
SDMMC_CmdAppCommand      0x800'4ecf   0x16  Code  Gb  stm32l4xx_ll_sdmmc.o [1]
SDMMC_CmdAppOperCommand
                         0x800'4ee5    0xc  Code  Gb  stm32l4xx_ll_sdmmc.o [1]
SDMMC_CmdBlockLength     0x800'4d73   0x16  Code  Gb  stm32l4xx_ll_sdmmc.o [1]
SDMMC_CmdBusWidth        0x800'4ef1    0x4  Code  Gb  stm32l4xx_ll_sdmmc.o [1]
SDMMC_CmdGoIdleState     0x800'4e61   0x46  Code  Gb  stm32l4xx_ll_sdmmc.o [1]
SDMMC_CmdOperCond        0x800'4ea7   0x28  Code  Gb  stm32l4xx_ll_sdmmc.o [1]
SDMMC_CmdReadMultiBlock
                         0x800'4d9f   0x16  Code  Gb  stm32l4xx_ll_sdmmc.o [1]
SDMMC_CmdReadSingleBlock
                         0x800'4d89   0x16  Code  Gb  stm32l4xx_ll_sdmmc.o [1]
SDMMC_CmdSelDesel        0x800'4e47   0x1a  Code  Gb  stm32l4xx_ll_sdmmc.o [1]
SDMMC_CmdSendCID         0x800'4f0f   0x20  Code  Gb  stm32l4xx_ll_sdmmc.o [1]
SDMMC_CmdSendCSD         0x800'4f37   0x1e  Code  Gb  stm32l4xx_ll_sdmmc.o [1]
SDMMC_CmdSendSCR         0x800'4ef5   0x1a  Code  Gb  stm32l4xx_ll_sdmmc.o [1]
SDMMC_CmdSendStatus      0x800'4fab   0x16  Code  Gb  stm32l4xx_ll_sdmmc.o [1]
SDMMC_CmdSetRelAdd       0x800'4f63   0x24  Code  Gb  stm32l4xx_ll_sdmmc.o [1]
SDMMC_CmdStatusRegister
                         0x800'4fc1   0x1a  Code  Gb  stm32l4xx_ll_sdmmc.o [1]
SDMMC_CmdStopTransfer    0x800'4dfd   0x4a  Code  Gb  stm32l4xx_ll_sdmmc.o [1]
SDMMC_CmdVoltageSwitch   0x800'5005   0x1a  Code  Gb  stm32l4xx_ll_sdmmc.o [1]
SDMMC_CmdWriteMultiBlock
                         0x800'4dcb   0x16  Code  Gb  stm32l4xx_ll_sdmmc.o [1]
SDMMC_CmdWriteSingleBlock
                         0x800'4db5   0x16  Code  Gb  stm32l4xx_ll_sdmmc.o [1]
SDMMC_ConfigData         0x800'4d47   0x26  Code  Gb  stm32l4xx_ll_sdmmc.o [1]
SDMMC_GetCmdResp1        0x800'501f   0xfc  Code  Gb  stm32l4xx_ll_sdmmc.o [1]
SDMMC_GetCmdResp2        0x800'511b   0x3a  Code  Gb  stm32l4xx_ll_sdmmc.o [1]
SDMMC_GetCmdResp3        0x800'5155   0x32  Code  Gb  stm32l4xx_ll_sdmmc.o [1]
SDMMC_GetCmdResp6        0x800'519d   0x6a  Code  Gb  stm32l4xx_ll_sdmmc.o [1]
SDMMC_GetCmdResp7        0x800'522d   0x46  Code  Gb  stm32l4xx_ll_sdmmc.o [1]
SDMMC_GetPowerState      0x800'4d15    0x8  Code  Gb  stm32l4xx_ll_sdmmc.o [1]
SDMMC_GetResponse        0x800'4d41    0x6  Code  Gb  stm32l4xx_ll_sdmmc.o [1]
SDMMC_Init               0x800'4cd1   0x24  Code  Gb  stm32l4xx_ll_sdmmc.o [1]
SDMMC_PowerState_ON      0x800'4d01   0x14  Code  Gb  stm32l4xx_ll_sdmmc.o [1]
SDMMC_ReadFIFO           0x800'4cf5    0x2  Code  Gb  stm32l4xx_ll_sdmmc.o [1]
SDMMC_SendCommand        0x800'4d1d   0x24  Code  Gb  stm32l4xx_ll_sdmmc.o [1]
SDMMC_WriteFIFO          0x800'4cf7    0xa  Code  Gb  stm32l4xx_ll_sdmmc.o [1]
SDPath                  0x2000'0b0c    0x4  Data  Gb  fatfs.o [1]
SD_CheckStatus           0x800'7411   0x1a  Code  Lc  sd_diskio.o [1]
SD_Driver                0x800'787c   0x14  Data  Gb  sd_diskio.o [1]
SD_FindSCR               0x800'40ed   0xe2  Code  Lc  stm32l4xx_hal_sd.o [1]
SD_initialize            0x800'742b   0x1c  Code  Gb  sd_diskio.o [1]
SD_ioctl                 0x800'747d   0x4a  Code  Gb  sd_diskio.o [1]
SD_read                  0x800'7449   0x12  Code  Gb  sd_diskio.o [1]
SD_status                0x800'7447    0x2  Code  Gb  sd_diskio.o [1]
SD_write                 0x800'745b   0x10  Code  Gb  sd_diskio.o [1]
SVC_Handler              0x800'7823    0x2  Code  Gb  stm32l4xx_it.o [1]
Stat                    0x2000'0048    0x1  Data  Lc  sd_diskio.o [1]
SysTick_Handler          0x800'7829    0x4  Code  Gb  stm32l4xx_it.o [1]
SystemClock_Config       0x800'7039   0x98  Code  Gb  main.o [1]
SystemCoreClock         0x2000'000c    0x4  Data  Gb  system_stm32l4xx.o [1]
SystemInit               0x800'7665   0x34  Code  Gb  system_stm32l4xx.o [1]
UART4_IRQHandler         0x800'782d    0x6  Code  Gb  stm32l4xx_it.o [1]
UARTEx_SetNbDataToProcess
                         0x800'7269   0x3e  Code  Lc  stm32l4xx_hal_uart_ex.o [1]
UARTEx_SetNbDataToProcess::denominator
                         0x800'72b0    0x8  Data  Lc  stm32l4xx_hal_uart_ex.o [1]
UARTEx_SetNbDataToProcess::numerator
                         0x800'72a8    0x8  Data  Lc  stm32l4xx_hal_uart_ex.o [1]
UARTPrescTable           0x800'6acc   0x18  Data  Gb  stm32l4xx_hal_uart.o [1]
UART_AdvFeatureConfig    0x800'68f5   0xc6  Code  Gb  stm32l4xx_hal_uart.o [1]
UART_CheckIdleState      0x800'69bb   0x5c  Code  Gb  stm32l4xx_hal_uart.o [1]
UART_SetConfig           0x800'6665  0x28a  Code  Gb  stm32l4xx_hal_uart.o [1]
UART_WaitOnFlagUntilTimeout
                         0x800'6a17   0x78  Code  Gb  stm32l4xx_hal_uart.o [1]
Uart_isr                 0x800'64f9   0x54  Code  Gb  UartRingbuffer.o [1]
Uart_read                0x800'63b3   0x26  Code  Gb  UartRingbuffer.o [1]
Uart_sendstring          0x800'6431   0x16  Code  Gb  UartRingbuffer.o [1]
Uart_write               0x800'63d9   0x36  Code  Gb  UartRingbuffer.o [1]
UsageFault_Handler       0x800'7821    0x2  Code  Gb  stm32l4xx_it.o [1]
_LitobFullNoMb           0x800'278d  0x10a  Code  Lc  xprintffull_nomb.o [2]
_Locale_lconv           0x2000'0010   0x38  Data  Lc  xlocale_c.o [2]
_PrintfFullNoMb          0x800'19cd  0xd9c  Code  Gb  xprintffull_nomb.o [2]
_PutcharFullNoMb         0x800'28fd   0x20  Code  Lc  xprintffull_nomb.o [2]
_PutcharsFullNoMb        0x800'291d   0x2e  Code  Lc  xprintffull_nomb.o [2]
_SProut                  0x800'2993    0xa  Code  Gb  xsprout.o [2]
__NVIC_SetPriority       0x800'5c1d   0x1a  Code  Lc  stm32l4xx_hal_cortex.o [1]
__aeabi_cdcmple          0x800'2ae9         Code  Gb  DblCmpLe.o [3]
__aeabi_cdrcmple         0x800'2b19         Code  Gb  DblCmpGe.o [3]
__aeabi_d2iz             0x800'2c85         Code  Gb  DblToS32.o [3]
__aeabi_d2uiz            0x800'3011         Code  Gb  DblToU32.o [3]
__aeabi_ddiv             0x800'2dc9         Code  Gb  DblDiv.o [3]
__aeabi_dmul             0x800'3055         Code  Gb  DblMul.o [3]
__aeabi_dsub             0x800'2ce5         Code  Gb  DblSub.o [3]
__aeabi_i2d              0x800'2cc1         Code  Gb  S32ToDbl.o [3]
__aeabi_ldiv0            0x800'3479         Code  Gb  I64DivZer.o [4]
__aeabi_memclr4          0x800'636d         Code  Gb  ABImemclr4.o [4]
__aeabi_memset           0x800'5aa9         Code  Gb  ABImemset.o [4]
__aeabi_ui2d             0x800'3039         Code  Gb  U32ToDbl.o [3]
__cmain                  0x800'7849         Code  Gb  cmain.o [4]
__exit                   0x800'347d   0x14  Code  Gb  exit.o [5]
__iar_Fail_s             0x800'29b5   0x1c  Code  Gb  xfail_s.o [2]
__iar_Memchr             0x800'2a09         Code  Gb  memchr.o [4]
__iar_Memset             0x800'5aa9         Code  Gb  ABImemset.o [4]
__iar_Memset4_word       0x800'65b1         Code  Gb  ABImemset48.o [4]
__iar_Memset8_word       0x800'65b1         Code  Gb  ABImemset48.o [4]
__iar_Memset_word        0x800'5ab1         Code  Gb  ABImemset.o [4]
__iar_Strchr             0x800'299d         Code  Gb  strchr.o [4]
__iar_dadd               0x800'2cf5         Code  Gb  DblSub.o [3]
__iar_data_init3         0x800'7765   0x28  Code  Gb  data_init.o [4]
__iar_dsub               0x800'330d         Code  Gb  DblAdd.o [3]
__iar_dsubStart          0x800'331f         Code  Gb  DblAdd.o [3]
__iar_frexp              0x800'2a85         Code  Gb  frexp.o [3]
__iar_frexpl             0x800'2a85         Code  Gb  frexp.o [3]
__iar_init_vfp           0x800'77d5         Code  Gb  fpinit_M.o [3]
__iar_ldexp64            0x800'2b49         Code  Gb  ldexp.o [3]
__iar_packbits_init_single3
                         0x800'76fd   0x38  Code  Gb  packbits_init_single.o [4]
__iar_program_start      0x800'78b3         Code  Gb  cstartup_M.o [4]
__iar_scalbln64          0x800'2b49         Code  Gb  ldexp.o [3]
__iar_scalbn64           0x800'2b49         Code  Gb  ldexp.o [3]
__iar_small_Memcpy       0x800'2a65         Code  Gb  ABImemcpy_small.o [4]
__iar_small_memcpy       0x800'2a61         Code  Gb  ABImemcpy_small.o [4]
__iar_small_memcpy4      0x800'2a61         Code  Gb  ABImemcpy_small.o [4]
__iar_small_memcpy8      0x800'2a61         Code  Gb  ABImemcpy_small.o [4]
__iar_small_strlen       0x800'29f5         Code  Gb  strlen_small.o [4]
__iar_small_uldivmod     0x800'3201         Code  Gb  I64DivMod_small.o [4]
__iar_softfp___iar_frexp64
                         0x800'2a79         Code  Gb  frexp.o [3]
__iar_softfp_frexp       0x800'2a79         Code  Gb  frexp.o [3]
__iar_softfp_frexpl      0x800'2a79         Code  Gb  frexp.o [3]
__iar_zero_init3         0x800'18b7   0x3a  Code  Gb  zero_init3.o [4]
__low_level_init         0x800'7867    0x4  Code  Gb  low_level_init.o [2]
__vector_table           0x800'0000         Data  Gb  startup_stm32l4s5xx.o [1]
_call_main               0x800'7855         Code  Gb  cmain.o [4]
_exit                    0x800'7871         Code  Gb  cexit.o [4]
_main                    0x800'7863         Code  Gb  cmain.o [4]
_rx_buffer              0x2000'0554    0x4  Data  Gb  UartRingbuffer.o [1]
_tx_buffer              0x2000'0558    0x4  Data  Gb  UartRingbuffer.o [1]
abort                    0x800'3307    0x6  Code  Gb  abort.o [2]
br                      0x2000'0318    0x4  Data  Gb  file_handling.o [1]
buffer                  0x2000'0068   0x80  Data  Gb  file_handling.o [1]
bufsize                  0x800'5ce5   0x12  Code  Gb  file_handling.o [1]
bw                      0x2000'031c    0x4  Data  Gb  file_handling.o [1]
check_file               0x800'6091   0xb6  Code  Gb  file_handling.o [1]
check_fs                 0x800'0bcf   0x6c  Code  Lc  ff.o [1]
check_sd                 0x800'601d   0x70  Code  Gb  file_handling.o [1]
chk_lock                 0x800'020b   0x5a  Code  Lc  ff.o [1]
clear_buffer             0x800'5cf7    0xa  Code  Gb  file_handling.o [1]
clear_lock               0x800'030f   0x1c  Code  Lc  ff.o [1]
clear_path               0x800'5d01    0xa  Code  Gb  file_handling.o [1]
clmt_clust               0x800'06e3   0x28  Code  Lc  ff.o [1]
clust2sect               0x800'041f   0x1a  Code  Lc  ff.o [1]
cmd                     0x2000'096c    0x1  Data  Gb  main.o [1]
cmdlength                0x800'5d17   0x12  Code  Gb  file_handling.o [1]
create_chain             0x800'063b   0xa2  Code  Lc  ff.o [1]
create_dir               0x800'5feb   0x1a  Code  Gb  file_handling.o [1]
create_file              0x800'5f21   0x4e  Code  Gb  file_handling.o [1]
dec_lock                 0x800'02d9   0x36  Code  Lc  ff.o [1]
dir_next                 0x800'0793   0xe0  Code  Lc  ff.o [1]
dir_read                 0x800'08c5   0x5e  Code  Lc  ff.o [1]
dir_register             0x800'0923   0x72  Code  Lc  ff.o [1]
dir_remove               0x800'0995   0x1c  Code  Lc  ff.o [1]
dir_sdi                  0x800'070b   0x88  Code  Lc  ff.o [1]
disk                    0x2000'0afc    0xc  Data  Gb  ff_gen_drv.o [1]
disk_initialize          0x800'1903   0x26  Code  Gb  diskio.o [1]
disk_ioctl               0x800'1951   0x1a  Code  Gb  diskio.o [1]
disk_read                0x800'1929    0xc  Code  Gb  diskio.o [1]
disk_status              0x800'18f1   0x12  Code  Gb  diskio.o [1]
disk_write               0x800'1935    0xc  Code  Gb  diskio.o [1]
exit                     0x800'786b    0x4  Code  Gb  exit.o [2]
f_close                  0x800'148f   0x28  Code  Gb  ff.o [1]
f_closedir               0x800'154d   0x1e  Code  Gb  ff.o [1]
f_getfree                0x800'15f3   0xd6  Code  Gb  ff.o [1]
f_mkdir                  0x800'1763  0x13e  Code  Gb  ff.o [1]
f_mount                  0x800'0ebf   0x58  Code  Gb  ff.o [1]
f_open                   0x800'0f21  0x1f6  Code  Gb  ff.o [1]
f_opendir                0x800'14cb   0x82  Code  Gb  ff.o [1]
f_read                   0x800'112d  0x146  Code  Gb  ff.o [1]
f_readdir                0x800'1573   0x44  Code  Gb  ff.o [1]
f_stat                   0x800'15b7   0x3c  Code  Gb  ff.o [1]
f_sync                   0x800'1403   0x7c  Code  Gb  ff.o [1]
f_unlink                 0x800'16c9   0x9a  Code  Gb  ff.o [1]
f_write                  0x800'1273  0x17c  Code  Gb  ff.o [1]
fil                     0x2000'0320  0x230  Data  Gb  file_handling.o [1]
find_volume              0x800'0c41  0x248  Code  Lc  ff.o [1]
fno                     0x2000'004c   0x18  Data  Gb  file_handling.o [1]
follow_path              0x800'0a1d  0x160  Code  Lc  ff.o [1]
fre_clust               0x2000'0af0    0x4  Data  Gb  file_handling.o [1]
free_space              0x2000'0af8    0x4  Data  Gb  file_handling.o [1]
fresult                 0x2000'0064    0x1  Data  Gb  file_handling.o [1]
fs                      0x2000'00e8  0x230  Data  Gb  file_handling.o [1]
get_fat                  0x800'0439   0xa4  Code  Lc  ff.o [1]
get_fattime              0x800'1989    0x4  Code  Gb  fatfs.o [1]
get_fileinfo             0x800'09b9   0x64  Code  Lc  ff.o [1]
get_ldnumber             0x800'0b8d   0x42  Code  Lc  ff.o [1]
get_path                 0x800'5d29   0x38  Code  Gb  file_handling.o [1]
get_pos::so_far         0x2000'0550    0x1  Data  Lc  UartRingbuffer.o [1]
hsd1                    0x2000'0970   0xac  Data  Gb  main.o [1]
huart4                  0x2000'0a1c   0x90  Data  Gb  usart.o [1]
inc_lock                 0x800'0265   0x74  Code  Lc  ff.o [1]
ld_clust                 0x800'0879   0x26  Code  Lc  ff.o [1]
ld_dword                 0x800'01c3   0x10  Code  Lc  ff.o [1]
ld_word                  0x800'01bd    0x6  Code  Lc  ff.o [1]
ldexp                    0x800'2b49         Code  Gb  ldexp.o [3]
ldexpl                   0x800'2b49         Code  Gb  ldexp.o [3]
localeconv               0x800'31f9    0x4  Code  Gb  xlocale_c.o [2]
main                     0x800'6e3d  0x1da  Code  Gb  main.o [1]
mem_cpy                  0x800'01f1   0x10  Code  Lc  ff.o [1]
mem_set                  0x800'0201    0xa  Code  Lc  ff.o [1]
memchr                   0x800'2a09         Code  Gb  memchr.o [4]
memset                   0x800'52c1   0x14  Code  Gb  memset.o [4]
mount_sd                 0x800'5d61   0x26  Code  Gb  file_handling.o [1]
move_window              0x800'0371   0x2e  Code  Lc  ff.o [1]
path                    0x2000'0acc   0x20  Data  Gb  file_handling.o [1]
pfs                     0x2000'0aec    0x4  Data  Gb  file_handling.o [1]
put_fat                  0x800'04dd   0xe8  Code  Lc  ff.o [1]
read_file                0x800'5eab   0x6c  Code  Gb  file_handling.o [1]
remove_chain             0x800'05d1   0x6a  Code  Lc  ff.o [1]
remove_file              0x800'5fc1   0x2a  Code  Gb  file_handling.o [1]
retSD                   0x2000'0b08    0x1  Data  Gb  fatfs.o [1]
rx_buffer               0x2000'055c  0x208  Data  Gb  UartRingbuffer.o [1]
scalbln                  0x800'2b49         Code  Gb  ldexp.o [3]
scalblnl                 0x800'2b49         Code  Gb  ldexp.o [3]
scalbn                   0x800'2b49         Code  Gb  ldexp.o [3]
scalbnl                  0x800'2b49         Code  Gb  ldexp.o [3]
scale                    0x800'2897   0x46  Code  Lc  xprintffull_nomb.o [2]
scan_files               0x800'5d87   0xa4  Code  Gb  file_handling.o [1]
sec_hand                0x2000'0b18    0x4  Data  Lc  xfail_s.o [2]
send_uart                0x800'5d0b    0xc  Code  Gb  file_handling.o [1]
sprintf                  0x800'655d   0x40  Code  Gb  sprintf.o [2]
st_clust                 0x800'089f   0x26  Code  Lc  ff.o [1]
st_dword                 0x800'01e1   0x10  Code  Lc  ff.o [1]
st_word                  0x800'01d9    0x8  Code  Lc  ff.o [1]
store_char               0x800'6397   0x1c  Code  Gb  UartRingbuffer.o [1]
strchr                   0x800'299d         Code  Gb  strchr.o [4]
strcmp                   0x800'659d         Code  Gb  strcmp.o [4]
strncmp                  0x800'7199   0x28  Code  Gb  strncmp.o [2]
sync_fs                  0x800'039f   0x80  Code  Lc  ff.o [1]
sync_window              0x800'032b   0x38  Code  Lc  ff.o [1]
total                   0x2000'0af4    0x4  Data  Gb  file_handling.o [1]
tx_buffer               0x2000'0764  0x208  Data  Gb  UartRingbuffer.o [1]
update_file              0x800'614d   0x7e  Code  Gb  file_handling.o [1]
uwTick                  0x2000'0004    0x4  Data  Gb  stm32l4xx_hal.o [1]
uwTickFreq              0x2000'0000    0x1  Data  Gb  stm32l4xx_hal.o [1]
uwTickPrio              0x2000'0008    0x4  Data  Gb  stm32l4xx_hal.o [1]
validate                 0x800'0e89   0x36  Code  Lc  ff.o [1]
wait_until               0x800'6491   0x58  Code  Gb  UartRingbuffer.o [1]
write_file               0x800'5e2b   0x80  Code  Gb  file_handling.o [1]


[1] = D:\final richard\EWARM\Last_version Richard\Obj
[2] = dl7M_tlf.a
[3] = m7M_tls.a
[4] = rt7M_tl.a
[5] = shb_l.a

  30'457 bytes of readonly  code memory
     886 bytes of readonly  data memory
   3'865 bytes of readwrite data memory

Errors: none
Warnings: none
